mode: set
tax/tax.go:3.43,4.20 1 1
tax/tax.go:4.20,6.3 1 1
tax/tax.go:8.2,8.12 1 1
